current directory: /home/erpaffo/Scrivania/codepeer-review/vendor/bundle/ruby/3.2.0/gems/psych-5.2.6/ext/psych
/usr/share/rvm/rubies/ruby-3.2.2/bin/ruby extconf.rb
checking for yaml.h... yes
checking for yaml_get_version() in -lyaml... yes
creating Makefile

current directory: /home/erpaffo/Scrivania/codepeer-review/vendor/bundle/ruby/3.2.0/gems/psych-5.2.6/ext/psych
make DESTDIR\= sitearchdir\=./.gem.20250820-123677-5ll313 sitelibdir\=./.gem.20250820-123677-5ll313 clean
cd libyaml && make clean
/bin/sh: 1: cd: can't cd to libyaml
make: [Makefile:283: clean-so] Error 2 (ignored)

current directory: /home/erpaffo/Scrivania/codepeer-review/vendor/bundle/ruby/3.2.0/gems/psych-5.2.6/ext/psych
make DESTDIR\= sitearchdir\=./.gem.20250820-123677-5ll313 sitelibdir\=./.gem.20250820-123677-5ll313
compiling psych.c
compiling psych_emitter.c
compiling psych_parser.c
compiling psych_to_ruby.c
compiling psych_yaml_tree.c
linking shared-object psych.so

current directory: /home/erpaffo/Scrivania/codepeer-review/vendor/bundle/ruby/3.2.0/gems/psych-5.2.6/ext/psych
make DESTDIR\= sitearchdir\=./.gem.20250820-123677-5ll313 sitelibdir\=./.gem.20250820-123677-5ll313 install
/usr/bin/install -c -m 0755 psych.so ./.gem.20250820-123677-5ll313

current directory: /home/erpaffo/Scrivania/codepeer-review/vendor/bundle/ruby/3.2.0/gems/psych-5.2.6/ext/psych
make DESTDIR\= sitearchdir\=./.gem.20250820-123677-5ll313 sitelibdir\=./.gem.20250820-123677-5ll313 clean
cd libyaml && make clean
/bin/sh: 1: cd: can't cd to libyaml
make: [Makefile:283: clean-so] Error 2 (ignored)
